[0.945s] DEBUG:colcon:Command line arguments: ['/usr/bin/colcon', 'build', '--packages-select', 'wauto_perception_msgs']
[0.946s] DEBUG:colcon:Parsed command line arguments: Namespace(ament_cmake_args=None, base_paths=['.'], build_base='build', catkin_cmake_args=None, catkin_skip_building_tests=False, cmake_args=None, cmake_clean_cache=False, cmake_clean_first=False, cmake_force_configure=False, cmake_target=None, cmake_target_skip_unavailable=False, continue_on_error=False, event_handlers=None, executor='parallel', ignore_user_meta=False, install_base='install', log_base=None, log_level=None, main=<bound method BuildVerb.main of <colcon_core.verb.build.BuildVerb object at 0xffff9e67f9d0>>, merge_install=False, metas=['./colcon.meta'], packages_above=None, packages_above_and_dependencies=None, packages_above_depth=None, packages_end=None, packages_ignore=None, packages_ignore_regex=None, packages_select=['wauto_perception_msgs'], packages_select_build_failed=False, packages_select_by_dep=None, packages_select_regex=None, packages_select_test_failures=False, packages_skip=None, packages_skip_build_finished=False, packages_skip_by_dep=None, packages_skip_regex=None, packages_skip_test_passed=False, packages_skip_up_to=None, packages_start=None, packages_up_to=None, packages_up_to_regex=None, parallel_workers=8, paths=None, symlink_install=False, test_result_base=None, verb_extension=<colcon_core.verb.build.BuildVerb object at 0xffff9e67f9d0>, verb_name='build', verb_parser=<colcon_defaults.argument_parser.defaults.DefaultArgumentsDecorator object at 0xffff9e5fb370>)
[1.098s] Level 1:colcon.colcon_core.package_discovery:discover_packages(colcon_meta) check parameters
[1.099s] Level 1:colcon.colcon_core.package_discovery:discover_packages(recursive) check parameters
[1.099s] Level 1:colcon.colcon_core.package_discovery:discover_packages(ignore) check parameters
[1.099s] Level 1:colcon.colcon_core.package_discovery:discover_packages(path) check parameters
[1.099s] Level 1:colcon.colcon_core.package_discovery:discover_packages(colcon_meta) discover
[1.100s] Level 1:colcon.colcon_core.package_discovery:discover_packages(recursive) discover
[1.100s] INFO:colcon.colcon_core.package_discovery:Crawling recursively for packages in '/workspace/WAutoVantage'
[1.100s] Level 1:colcon.colcon_core.package_identification:_identify(.) by extensions ['ignore', 'ignore_ament_install']
[1.101s] Level 1:colcon.colcon_core.package_identification:_identify(.) by extension 'ignore'
[1.101s] Level 1:colcon.colcon_core.package_identification:_identify(.) by extension 'ignore_ament_install'
[1.101s] Level 1:colcon.colcon_core.package_identification:_identify(.) by extensions ['colcon_pkg']
[1.101s] Level 1:colcon.colcon_core.package_identification:_identify(.) by extension 'colcon_pkg'
[1.101s] Level 1:colcon.colcon_core.package_identification:_identify(.) by extensions ['colcon_meta']
[1.101s] Level 1:colcon.colcon_core.package_identification:_identify(.) by extension 'colcon_meta'
[1.102s] Level 1:colcon.colcon_core.package_identification:_identify(.) by extensions ['ros']
[1.102s] Level 1:colcon.colcon_core.package_identification:_identify(.) by extension 'ros'
[1.152s] Level 1:colcon.colcon_core.package_identification:_identify(.) by extensions ['cmake', 'python']
[1.152s] Level 1:colcon.colcon_core.package_identification:_identify(.) by extension 'cmake'
[1.152s] Level 1:colcon.colcon_core.package_identification:_identify(.) by extension 'python'
[1.152s] Level 1:colcon.colcon_core.package_identification:_identify(.) by extensions ['python_setup_py']
[1.153s] Level 1:colcon.colcon_core.package_identification:_identify(.) by extension 'python_setup_py'
[1.153s] Level 1:colcon.colcon_core.package_identification:_identify(assets) by extensions ['ignore', 'ignore_ament_install']
[1.153s] Level 1:colcon.colcon_core.package_identification:_identify(assets) by extension 'ignore'
[1.154s] Level 1:colcon.colcon_core.package_identification:_identify(assets) by extension 'ignore_ament_install'
[1.154s] Level 1:colcon.colcon_core.package_identification:_identify(assets) by extensions ['colcon_pkg']
[1.154s] Level 1:colcon.colcon_core.package_identification:_identify(assets) by extension 'colcon_pkg'
[1.154s] Level 1:colcon.colcon_core.package_identification:_identify(assets) by extensions ['colcon_meta']
[1.154s] Level 1:colcon.colcon_core.package_identification:_identify(assets) by extension 'colcon_meta'
[1.155s] Level 1:colcon.colcon_core.package_identification:_identify(assets) by extensions ['ros']
[1.155s] Level 1:colcon.colcon_core.package_identification:_identify(assets) by extension 'ros'
[1.155s] Level 1:colcon.colcon_core.package_identification:_identify(assets) by extensions ['cmake', 'python']
[1.155s] Level 1:colcon.colcon_core.package_identification:_identify(assets) by extension 'cmake'
[1.156s] Level 1:colcon.colcon_core.package_identification:_identify(assets) by extension 'python'
[1.156s] Level 1:colcon.colcon_core.package_identification:_identify(assets) by extensions ['python_setup_py']
[1.156s] Level 1:colcon.colcon_core.package_identification:_identify(assets) by extension 'python_setup_py'
[1.156s] Level 1:colcon.colcon_core.package_identification:_identify(assets/barrel) by extensions ['ignore', 'ignore_ament_install']
[1.157s] Level 1:colcon.colcon_core.package_identification:_identify(assets/barrel) by extension 'ignore'
[1.157s] Level 1:colcon.colcon_core.package_identification:_identify(assets/barrel) by extension 'ignore_ament_install'
[1.157s] Level 1:colcon.colcon_core.package_identification:_identify(assets/barrel) by extensions ['colcon_pkg']
[1.157s] Level 1:colcon.colcon_core.package_identification:_identify(assets/barrel) by extension 'colcon_pkg'
[1.158s] Level 1:colcon.colcon_core.package_identification:_identify(assets/barrel) by extensions ['colcon_meta']
[1.158s] Level 1:colcon.colcon_core.package_identification:_identify(assets/barrel) by extension 'colcon_meta'
[1.158s] Level 1:colcon.colcon_core.package_identification:_identify(assets/barrel) by extensions ['ros']
[1.158s] Level 1:colcon.colcon_core.package_identification:_identify(assets/barrel) by extension 'ros'
[1.158s] Level 1:colcon.colcon_core.package_identification:_identify(assets/barrel) by extensions ['cmake', 'python']
[1.159s] Level 1:colcon.colcon_core.package_identification:_identify(assets/barrel) by extension 'cmake'
[1.159s] Level 1:colcon.colcon_core.package_identification:_identify(assets/barrel) by extension 'python'
[1.159s] Level 1:colcon.colcon_core.package_identification:_identify(assets/barrel) by extensions ['python_setup_py']
[1.159s] Level 1:colcon.colcon_core.package_identification:_identify(assets/barrel) by extension 'python_setup_py'
[1.160s] Level 1:colcon.colcon_core.package_identification:_identify(assets/car) by extensions ['ignore', 'ignore_ament_install']
[1.160s] Level 1:colcon.colcon_core.package_identification:_identify(assets/car) by extension 'ignore'
[1.160s] Level 1:colcon.colcon_core.package_identification:_identify(assets/car) by extension 'ignore_ament_install'
[1.161s] Level 1:colcon.colcon_core.package_identification:_identify(assets/car) by extensions ['colcon_pkg']
[1.161s] Level 1:colcon.colcon_core.package_identification:_identify(assets/car) by extension 'colcon_pkg'
[1.161s] Level 1:colcon.colcon_core.package_identification:_identify(assets/car) by extensions ['colcon_meta']
[1.161s] Level 1:colcon.colcon_core.package_identification:_identify(assets/car) by extension 'colcon_meta'
[1.161s] Level 1:colcon.colcon_core.package_identification:_identify(assets/car) by extensions ['ros']
[1.162s] Level 1:colcon.colcon_core.package_identification:_identify(assets/car) by extension 'ros'
[1.162s] Level 1:colcon.colcon_core.package_identification:_identify(assets/car) by extensions ['cmake', 'python']
[1.162s] Level 1:colcon.colcon_core.package_identification:_identify(assets/car) by extension 'cmake'
[1.162s] Level 1:colcon.colcon_core.package_identification:_identify(assets/car) by extension 'python'
[1.162s] Level 1:colcon.colcon_core.package_identification:_identify(assets/car) by extensions ['python_setup_py']
[1.163s] Level 1:colcon.colcon_core.package_identification:_identify(assets/car) by extension 'python_setup_py'
[1.163s] Level 1:colcon.colcon_core.package_identification:_identify(assets/deer) by extensions ['ignore', 'ignore_ament_install']
[1.164s] Level 1:colcon.colcon_core.package_identification:_identify(assets/deer) by extension 'ignore'
[1.164s] Level 1:colcon.colcon_core.package_identification:_identify(assets/deer) by extension 'ignore_ament_install'
[1.164s] Level 1:colcon.colcon_core.package_identification:_identify(assets/deer) by extensions ['colcon_pkg']
[1.164s] Level 1:colcon.colcon_core.package_identification:_identify(assets/deer) by extension 'colcon_pkg'
[1.164s] Level 1:colcon.colcon_core.package_identification:_identify(assets/deer) by extensions ['colcon_meta']
[1.164s] Level 1:colcon.colcon_core.package_identification:_identify(assets/deer) by extension 'colcon_meta'
[1.165s] Level 1:colcon.colcon_core.package_identification:_identify(assets/deer) by extensions ['ros']
[1.165s] Level 1:colcon.colcon_core.package_identification:_identify(assets/deer) by extension 'ros'
[1.165s] Level 1:colcon.colcon_core.package_identification:_identify(assets/deer) by extensions ['cmake', 'python']
[1.165s] Level 1:colcon.colcon_core.package_identification:_identify(assets/deer) by extension 'cmake'
[1.165s] Level 1:colcon.colcon_core.package_identification:_identify(assets/deer) by extension 'python'
[1.166s] Level 1:colcon.colcon_core.package_identification:_identify(assets/deer) by extensions ['python_setup_py']
[1.166s] Level 1:colcon.colcon_core.package_identification:_identify(assets/deer) by extension 'python_setup_py'
[1.166s] Level 1:colcon.colcon_core.package_identification:_identify(assets/human) by extensions ['ignore', 'ignore_ament_install']
[1.166s] Level 1:colcon.colcon_core.package_identification:_identify(assets/human) by extension 'ignore'
[1.167s] Level 1:colcon.colcon_core.package_identification:_identify(assets/human) by extension 'ignore_ament_install'
[1.167s] Level 1:colcon.colcon_core.package_identification:_identify(assets/human) by extensions ['colcon_pkg']
[1.167s] Level 1:colcon.colcon_core.package_identification:_identify(assets/human) by extension 'colcon_pkg'
[1.167s] Level 1:colcon.colcon_core.package_identification:_identify(assets/human) by extensions ['colcon_meta']
[1.168s] Level 1:colcon.colcon_core.package_identification:_identify(assets/human) by extension 'colcon_meta'
[1.168s] Level 1:colcon.colcon_core.package_identification:_identify(assets/human) by extensions ['ros']
[1.168s] Level 1:colcon.colcon_core.package_identification:_identify(assets/human) by extension 'ros'
[1.168s] Level 1:colcon.colcon_core.package_identification:_identify(assets/human) by extensions ['cmake', 'python']
[1.169s] Level 1:colcon.colcon_core.package_identification:_identify(assets/human) by extension 'cmake'
[1.169s] Level 1:colcon.colcon_core.package_identification:_identify(assets/human) by extension 'python'
[1.169s] Level 1:colcon.colcon_core.package_identification:_identify(assets/human) by extensions ['python_setup_py']
[1.169s] Level 1:colcon.colcon_core.package_identification:_identify(assets/human) by extension 'python_setup_py'
[1.170s] Level 1:colcon.colcon_core.package_identification:_identify(assets/traffic-cone) by extensions ['ignore', 'ignore_ament_install']
[1.170s] Level 1:colcon.colcon_core.package_identification:_identify(assets/traffic-cone) by extension 'ignore'
[1.170s] Level 1:colcon.colcon_core.package_identification:_identify(assets/traffic-cone) by extension 'ignore_ament_install'
[1.170s] Level 1:colcon.colcon_core.package_identification:_identify(assets/traffic-cone) by extensions ['colcon_pkg']
[1.171s] Level 1:colcon.colcon_core.package_identification:_identify(assets/traffic-cone) by extension 'colcon_pkg'
[1.171s] Level 1:colcon.colcon_core.package_identification:_identify(assets/traffic-cone) by extensions ['colcon_meta']
[1.171s] Level 1:colcon.colcon_core.package_identification:_identify(assets/traffic-cone) by extension 'colcon_meta'
[1.171s] Level 1:colcon.colcon_core.package_identification:_identify(assets/traffic-cone) by extensions ['ros']
[1.172s] Level 1:colcon.colcon_core.package_identification:_identify(assets/traffic-cone) by extension 'ros'
[1.172s] Level 1:colcon.colcon_core.package_identification:_identify(assets/traffic-cone) by extensions ['cmake', 'python']
[1.172s] Level 1:colcon.colcon_core.package_identification:_identify(assets/traffic-cone) by extension 'cmake'
[1.172s] Level 1:colcon.colcon_core.package_identification:_identify(assets/traffic-cone) by extension 'python'
[1.172s] Level 1:colcon.colcon_core.package_identification:_identify(assets/traffic-cone) by extensions ['python_setup_py']
[1.173s] Level 1:colcon.colcon_core.package_identification:_identify(assets/traffic-cone) by extension 'python_setup_py'
[1.173s] Level 1:colcon.colcon_core.package_identification:_identify(assets/whl) by extensions ['ignore', 'ignore_ament_install']
[1.174s] Level 1:colcon.colcon_core.package_identification:_identify(assets/whl) by extension 'ignore'
[1.174s] Level 1:colcon.colcon_core.package_identification:_identify(assets/whl) by extension 'ignore_ament_install'
[1.174s] Level 1:colcon.colcon_core.package_identification:_identify(assets/whl) by extensions ['colcon_pkg']
[1.174s] Level 1:colcon.colcon_core.package_identification:_identify(assets/whl) by extension 'colcon_pkg'
[1.174s] Level 1:colcon.colcon_core.package_identification:_identify(assets/whl) by extensions ['colcon_meta']
[1.175s] Level 1:colcon.colcon_core.package_identification:_identify(assets/whl) by extension 'colcon_meta'
[1.175s] Level 1:colcon.colcon_core.package_identification:_identify(assets/whl) by extensions ['ros']
[1.175s] Level 1:colcon.colcon_core.package_identification:_identify(assets/whl) by extension 'ros'
[1.175s] Level 1:colcon.colcon_core.package_identification:_identify(assets/whl) by extensions ['cmake', 'python']
[1.176s] Level 1:colcon.colcon_core.package_identification:_identify(assets/whl) by extension 'cmake'
[1.176s] Level 1:colcon.colcon_core.package_identification:_identify(assets/whl) by extension 'python'
[1.176s] Level 1:colcon.colcon_core.package_identification:_identify(assets/whl) by extensions ['python_setup_py']
[1.176s] Level 1:colcon.colcon_core.package_identification:_identify(assets/whl) by extension 'python_setup_py'
[1.176s] Level 1:colcon.colcon_core.package_identification:_identify(build) by extensions ['ignore', 'ignore_ament_install']
[1.177s] Level 1:colcon.colcon_core.package_identification:_identify(build) by extension 'ignore'
[1.177s] Level 1:colcon.colcon_core.package_identification:_identify(build) ignored
[1.177s] Level 1:colcon.colcon_core.package_identification:_identify(deploy) by extensions ['ignore', 'ignore_ament_install']
[1.178s] Level 1:colcon.colcon_core.package_identification:_identify(deploy) by extension 'ignore'
[1.178s] Level 1:colcon.colcon_core.package_identification:_identify(deploy) by extension 'ignore_ament_install'
[1.178s] Level 1:colcon.colcon_core.package_identification:_identify(deploy) by extensions ['colcon_pkg']
[1.178s] Level 1:colcon.colcon_core.package_identification:_identify(deploy) by extension 'colcon_pkg'
[1.179s] Level 1:colcon.colcon_core.package_identification:_identify(deploy) by extensions ['colcon_meta']
[1.179s] Level 1:colcon.colcon_core.package_identification:_identify(deploy) by extension 'colcon_meta'
[1.179s] Level 1:colcon.colcon_core.package_identification:_identify(deploy) by extensions ['ros']
[1.179s] Level 1:colcon.colcon_core.package_identification:_identify(deploy) by extension 'ros'
[1.179s] Level 1:colcon.colcon_core.package_identification:_identify(deploy) by extensions ['cmake', 'python']
[1.179s] Level 1:colcon.colcon_core.package_identification:_identify(deploy) by extension 'cmake'
[1.180s] Level 1:colcon.colcon_core.package_identification:_identify(deploy) by extension 'python'
[1.180s] Level 1:colcon.colcon_core.package_identification:_identify(deploy) by extensions ['python_setup_py']
[1.180s] Level 1:colcon.colcon_core.package_identification:_identify(deploy) by extension 'python_setup_py'
[1.180s] Level 1:colcon.colcon_core.package_identification:_identify(docs) by extensions ['ignore', 'ignore_ament_install']
[1.181s] Level 1:colcon.colcon_core.package_identification:_identify(docs) by extension 'ignore'
[1.181s] Level 1:colcon.colcon_core.package_identification:_identify(docs) by extension 'ignore_ament_install'
[1.181s] Level 1:colcon.colcon_core.package_identification:_identify(docs) by extensions ['colcon_pkg']
[1.181s] Level 1:colcon.colcon_core.package_identification:_identify(docs) by extension 'colcon_pkg'
[1.181s] Level 1:colcon.colcon_core.package_identification:_identify(docs) by extensions ['colcon_meta']
[1.181s] Level 1:colcon.colcon_core.package_identification:_identify(docs) by extension 'colcon_meta'
[1.182s] Level 1:colcon.colcon_core.package_identification:_identify(docs) by extensions ['ros']
[1.182s] Level 1:colcon.colcon_core.package_identification:_identify(docs) by extension 'ros'
[1.182s] Level 1:colcon.colcon_core.package_identification:_identify(docs) by extensions ['cmake', 'python']
[1.182s] Level 1:colcon.colcon_core.package_identification:_identify(docs) by extension 'cmake'
[1.182s] Level 1:colcon.colcon_core.package_identification:_identify(docs) by extension 'python'
[1.182s] Level 1:colcon.colcon_core.package_identification:_identify(docs) by extensions ['python_setup_py']
[1.183s] Level 1:colcon.colcon_core.package_identification:_identify(docs) by extension 'python_setup_py'
[1.183s] Level 1:colcon.colcon_core.package_identification:_identify(install) by extensions ['ignore', 'ignore_ament_install']
[1.183s] Level 1:colcon.colcon_core.package_identification:_identify(install) by extension 'ignore'
[1.184s] Level 1:colcon.colcon_core.package_identification:_identify(install) ignored
[1.184s] Level 1:colcon.colcon_core.package_identification:_identify(log) by extensions ['ignore', 'ignore_ament_install']
[1.184s] Level 1:colcon.colcon_core.package_identification:_identify(log) by extension 'ignore'
[1.184s] Level 1:colcon.colcon_core.package_identification:_identify(log) ignored
[1.185s] Level 1:colcon.colcon_core.package_identification:_identify(server) by extensions ['ignore', 'ignore_ament_install']
[1.185s] Level 1:colcon.colcon_core.package_identification:_identify(server) by extension 'ignore'
[1.185s] Level 1:colcon.colcon_core.package_identification:_identify(server) by extension 'ignore_ament_install'
[1.185s] Level 1:colcon.colcon_core.package_identification:_identify(server) by extensions ['colcon_pkg']
[1.186s] Level 1:colcon.colcon_core.package_identification:_identify(server) by extension 'colcon_pkg'
[1.186s] Level 1:colcon.colcon_core.package_identification:_identify(server) by extensions ['colcon_meta']
[1.186s] Level 1:colcon.colcon_core.package_identification:_identify(server) by extension 'colcon_meta'
[1.186s] Level 1:colcon.colcon_core.package_identification:_identify(server) by extensions ['ros']
[1.186s] Level 1:colcon.colcon_core.package_identification:_identify(server) by extension 'ros'
[1.186s] Level 1:colcon.colcon_core.package_identification:_identify(server) by extensions ['cmake', 'python']
[1.187s] Level 1:colcon.colcon_core.package_identification:_identify(server) by extension 'cmake'
[1.187s] Level 1:colcon.colcon_core.package_identification:_identify(server) by extension 'python'
[1.187s] Level 1:colcon.colcon_core.package_identification:_identify(server) by extensions ['python_setup_py']
[1.187s] Level 1:colcon.colcon_core.package_identification:_identify(server) by extension 'python_setup_py'
[1.188s] Level 1:colcon.colcon_core.package_identification:_identify(server/__pycache__) by extensions ['ignore', 'ignore_ament_install']
[1.188s] Level 1:colcon.colcon_core.package_identification:_identify(server/__pycache__) by extension 'ignore'
[1.188s] Level 1:colcon.colcon_core.package_identification:_identify(server/__pycache__) by extension 'ignore_ament_install'
[1.188s] Level 1:colcon.colcon_core.package_identification:_identify(server/__pycache__) by extensions ['colcon_pkg']
[1.188s] Level 1:colcon.colcon_core.package_identification:_identify(server/__pycache__) by extension 'colcon_pkg'
[1.189s] Level 1:colcon.colcon_core.package_identification:_identify(server/__pycache__) by extensions ['colcon_meta']
[1.189s] Level 1:colcon.colcon_core.package_identification:_identify(server/__pycache__) by extension 'colcon_meta'
[1.189s] Level 1:colcon.colcon_core.package_identification:_identify(server/__pycache__) by extensions ['ros']
[1.189s] Level 1:colcon.colcon_core.package_identification:_identify(server/__pycache__) by extension 'ros'
[1.189s] Level 1:colcon.colcon_core.package_identification:_identify(server/__pycache__) by extensions ['cmake', 'python']
[1.189s] Level 1:colcon.colcon_core.package_identification:_identify(server/__pycache__) by extension 'cmake'
[1.190s] Level 1:colcon.colcon_core.package_identification:_identify(server/__pycache__) by extension 'python'
[1.190s] Level 1:colcon.colcon_core.package_identification:_identify(server/__pycache__) by extensions ['python_setup_py']
[1.190s] Level 1:colcon.colcon_core.package_identification:_identify(server/__pycache__) by extension 'python_setup_py'
[1.190s] Level 1:colcon.colcon_core.package_identification:_identify(server/client) by extensions ['ignore', 'ignore_ament_install']
[1.191s] Level 1:colcon.colcon_core.package_identification:_identify(server/client) by extension 'ignore'
[1.191s] Level 1:colcon.colcon_core.package_identification:_identify(server/client) by extension 'ignore_ament_install'
[1.191s] Level 1:colcon.colcon_core.package_identification:_identify(server/client) by extensions ['colcon_pkg']
[1.191s] Level 1:colcon.colcon_core.package_identification:_identify(server/client) by extension 'colcon_pkg'
[1.191s] Level 1:colcon.colcon_core.package_identification:_identify(server/client) by extensions ['colcon_meta']
[1.191s] Level 1:colcon.colcon_core.package_identification:_identify(server/client) by extension 'colcon_meta'
[1.192s] Level 1:colcon.colcon_core.package_identification:_identify(server/client) by extensions ['ros']
[1.192s] Level 1:colcon.colcon_core.package_identification:_identify(server/client) by extension 'ros'
[1.192s] Level 1:colcon.colcon_core.package_identification:_identify(server/client) by extensions ['cmake', 'python']
[1.192s] Level 1:colcon.colcon_core.package_identification:_identify(server/client) by extension 'cmake'
[1.192s] Level 1:colcon.colcon_core.package_identification:_identify(server/client) by extension 'python'
[1.193s] Level 1:colcon.colcon_core.package_identification:_identify(server/client) by extensions ['python_setup_py']
[1.193s] Level 1:colcon.colcon_core.package_identification:_identify(server/client) by extension 'python_setup_py'
[1.193s] Level 1:colcon.colcon_core.package_discovery:discover_packages(recursive) using defaults
[1.193s] Level 1:colcon.colcon_core.package_discovery:discover_packages(ignore) discover
[1.193s] Level 1:colcon.colcon_core.package_discovery:discover_packages(ignore) using defaults
[1.193s] Level 1:colcon.colcon_core.package_discovery:discover_packages(path) discover
[1.193s] Level 1:colcon.colcon_core.package_discovery:discover_packages(path) using defaults
[1.202s] WARNING:colcon.colcon_core.package_selection:ignoring unknown package 'wauto_perception_msgs' in --packages-select
[1.285s] INFO:colcon.colcon_core.executor:Executing jobs using 'parallel' executor
[1.309s] DEBUG:colcon.colcon_parallel_executor.executor.parallel:run_until_complete
[1.310s] DEBUG:colcon.colcon_parallel_executor.executor.parallel:closing loop
[1.310s] DEBUG:colcon.colcon_parallel_executor.executor.parallel:loop closed
[1.310s] DEBUG:colcon.colcon_parallel_executor.executor.parallel:run_until_complete finished with '0'
[1.310s] DEBUG:colcon.colcon_core.event_reactor:joining thread
[1.327s] INFO:colcon.colcon_core.plugin_system:Skipping extension 'colcon_notification.desktop_notification.notify_send': Could not find 'notify-send'
[1.328s] INFO:colcon.colcon_core.plugin_system:Skipping extension 'colcon_notification.desktop_notification.terminal_notifier': Not used on non-Darwin systems
[1.328s] INFO:colcon.colcon_core.plugin_system:Skipping extension 'colcon_notification.desktop_notification.win32': Not used on non-Windows systems
[1.328s] INFO:colcon.colcon_notification.desktop_notification:Sending desktop notification using 'notify2'
[1.335s] DEBUG:colcon.colcon_notification.desktop_notification.notify2:Failed to initialize notify2: org.freedesktop.DBus.Error.Spawn.ExecFailed: /usr/bin/dbus-launch terminated abnormally without any error message
[1.336s] DEBUG:colcon.colcon_core.event_reactor:joined thread
[1.362s] INFO:colcon.colcon_core.plugin_system:Skipping extension 'colcon_core.shell.bat': Not used on non-Windows systems
[1.364s] INFO:colcon.colcon_core.shell:Creating prefix script '/workspace/WAutoVantage/install/local_setup.ps1'
[1.368s] INFO:colcon.colcon_core.shell:Creating prefix util module '/workspace/WAutoVantage/install/_local_setup_util_ps1.py'
[1.372s] INFO:colcon.colcon_core.shell:Creating prefix chain script '/workspace/WAutoVantage/install/setup.ps1'
[1.381s] INFO:colcon.colcon_core.shell:Creating prefix script '/workspace/WAutoVantage/install/local_setup.sh'
[1.383s] INFO:colcon.colcon_core.shell:Creating prefix util module '/workspace/WAutoVantage/install/_local_setup_util_sh.py'
[1.385s] INFO:colcon.colcon_core.shell:Creating prefix chain script '/workspace/WAutoVantage/install/setup.sh'
[1.391s] INFO:colcon.colcon_core.shell:Creating prefix script '/workspace/WAutoVantage/install/local_setup.bash'
[1.393s] INFO:colcon.colcon_core.shell:Creating prefix chain script '/workspace/WAutoVantage/install/setup.bash'
[1.398s] INFO:colcon.colcon_core.shell:Creating prefix script '/workspace/WAutoVantage/install/local_setup.zsh'
[1.400s] INFO:colcon.colcon_core.shell:Creating prefix chain script '/workspace/WAutoVantage/install/setup.zsh'
