[1.243s] DEBUG:colcon:Command line arguments: ['/usr/bin/colcon', 'build']
[1.243s] DEBUG:colcon:Parsed command line arguments: Namespace(ament_cmake_args=None, base_paths=['.'], build_base='build', catkin_cmake_args=None, catkin_skip_building_tests=False, cmake_args=None, cmake_clean_cache=False, cmake_clean_first=False, cmake_force_configure=False, cmake_target=None, cmake_target_skip_unavailable=False, continue_on_error=False, event_handlers=None, executor='parallel', ignore_user_meta=False, install_base='install', log_base=None, log_level=None, main=<bound method BuildVerb.main of <colcon_core.verb.build.BuildVerb object at 0xffff84196e20>>, merge_install=False, metas=['./colcon.meta'], packages_above=None, packages_above_and_dependencies=None, packages_above_depth=None, packages_end=None, packages_ignore=None, packages_ignore_regex=None, packages_select=None, packages_select_build_failed=False, packages_select_by_dep=None, packages_select_regex=None, packages_select_test_failures=False, packages_skip=None, packages_skip_build_finished=False, packages_skip_by_dep=None, packages_skip_regex=None, packages_skip_test_passed=False, packages_skip_up_to=None, packages_start=None, packages_up_to=None, packages_up_to_regex=None, parallel_workers=8, paths=None, symlink_install=False, test_result_base=None, verb_extension=<colcon_core.verb.build.BuildVerb object at 0xffff84196e20>, verb_name='build', verb_parser=<colcon_defaults.argument_parser.defaults.DefaultArgumentsDecorator object at 0xffff840b86a0>)
[1.454s] Level 1:colcon.colcon_core.package_discovery:discover_packages(colcon_meta) check parameters
[1.455s] Level 1:colcon.colcon_core.package_discovery:discover_packages(recursive) check parameters
[1.455s] Level 1:colcon.colcon_core.package_discovery:discover_packages(ignore) check parameters
[1.455s] Level 1:colcon.colcon_core.package_discovery:discover_packages(path) check parameters
[1.455s] Level 1:colcon.colcon_core.package_discovery:discover_packages(colcon_meta) discover
[1.456s] Level 1:colcon.colcon_core.package_discovery:discover_packages(recursive) discover
[1.456s] INFO:colcon.colcon_core.package_discovery:Crawling recursively for packages in '/workspace/WAutoVantage'
[1.457s] Level 1:colcon.colcon_core.package_identification:_identify(.) by extensions ['ignore', 'ignore_ament_install']
[1.457s] Level 1:colcon.colcon_core.package_identification:_identify(.) by extension 'ignore'
[1.457s] Level 1:colcon.colcon_core.package_identification:_identify(.) by extension 'ignore_ament_install'
[1.458s] Level 1:colcon.colcon_core.package_identification:_identify(.) by extensions ['colcon_pkg']
[1.458s] Level 1:colcon.colcon_core.package_identification:_identify(.) by extension 'colcon_pkg'
[1.458s] Level 1:colcon.colcon_core.package_identification:_identify(.) by extensions ['colcon_meta']
[1.458s] Level 1:colcon.colcon_core.package_identification:_identify(.) by extension 'colcon_meta'
[1.459s] Level 1:colcon.colcon_core.package_identification:_identify(.) by extensions ['ros']
[1.459s] Level 1:colcon.colcon_core.package_identification:_identify(.) by extension 'ros'
[1.520s] Level 1:colcon.colcon_core.package_identification:_identify(.) by extensions ['cmake', 'python']
[1.520s] Level 1:colcon.colcon_core.package_identification:_identify(.) by extension 'cmake'
[1.520s] Level 1:colcon.colcon_core.package_identification:_identify(.) by extension 'python'
[1.521s] Level 1:colcon.colcon_core.package_identification:_identify(.) by extensions ['python_setup_py']
[1.521s] Level 1:colcon.colcon_core.package_identification:_identify(.) by extension 'python_setup_py'
[1.522s] Level 1:colcon.colcon_core.package_identification:_identify(assets) by extensions ['ignore', 'ignore_ament_install']
[1.523s] Level 1:colcon.colcon_core.package_identification:_identify(assets) by extension 'ignore'
[1.523s] Level 1:colcon.colcon_core.package_identification:_identify(assets) by extension 'ignore_ament_install'
[1.523s] Level 1:colcon.colcon_core.package_identification:_identify(assets) by extensions ['colcon_pkg']
[1.524s] Level 1:colcon.colcon_core.package_identification:_identify(assets) by extension 'colcon_pkg'
[1.524s] Level 1:colcon.colcon_core.package_identification:_identify(assets) by extensions ['colcon_meta']
[1.524s] Level 1:colcon.colcon_core.package_identification:_identify(assets) by extension 'colcon_meta'
[1.524s] Level 1:colcon.colcon_core.package_identification:_identify(assets) by extensions ['ros']
[1.524s] Level 1:colcon.colcon_core.package_identification:_identify(assets) by extension 'ros'
[1.525s] Level 1:colcon.colcon_core.package_identification:_identify(assets) by extensions ['cmake', 'python']
[1.525s] Level 1:colcon.colcon_core.package_identification:_identify(assets) by extension 'cmake'
[1.525s] Level 1:colcon.colcon_core.package_identification:_identify(assets) by extension 'python'
[1.526s] Level 1:colcon.colcon_core.package_identification:_identify(assets) by extensions ['python_setup_py']
[1.526s] Level 1:colcon.colcon_core.package_identification:_identify(assets) by extension 'python_setup_py'
[1.526s] Level 1:colcon.colcon_core.package_identification:_identify(assets/barrel) by extensions ['ignore', 'ignore_ament_install']
[1.527s] Level 1:colcon.colcon_core.package_identification:_identify(assets/barrel) by extension 'ignore'
[1.527s] Level 1:colcon.colcon_core.package_identification:_identify(assets/barrel) by extension 'ignore_ament_install'
[1.527s] Level 1:colcon.colcon_core.package_identification:_identify(assets/barrel) by extensions ['colcon_pkg']
[1.528s] Level 1:colcon.colcon_core.package_identification:_identify(assets/barrel) by extension 'colcon_pkg'
[1.528s] Level 1:colcon.colcon_core.package_identification:_identify(assets/barrel) by extensions ['colcon_meta']
[1.528s] Level 1:colcon.colcon_core.package_identification:_identify(assets/barrel) by extension 'colcon_meta'
[1.528s] Level 1:colcon.colcon_core.package_identification:_identify(assets/barrel) by extensions ['ros']
[1.528s] Level 1:colcon.colcon_core.package_identification:_identify(assets/barrel) by extension 'ros'
[1.529s] Level 1:colcon.colcon_core.package_identification:_identify(assets/barrel) by extensions ['cmake', 'python']
[1.529s] Level 1:colcon.colcon_core.package_identification:_identify(assets/barrel) by extension 'cmake'
[1.529s] Level 1:colcon.colcon_core.package_identification:_identify(assets/barrel) by extension 'python'
[1.529s] Level 1:colcon.colcon_core.package_identification:_identify(assets/barrel) by extensions ['python_setup_py']
[1.529s] Level 1:colcon.colcon_core.package_identification:_identify(assets/barrel) by extension 'python_setup_py'
[1.530s] Level 1:colcon.colcon_core.package_identification:_identify(assets/car) by extensions ['ignore', 'ignore_ament_install']
[1.530s] Level 1:colcon.colcon_core.package_identification:_identify(assets/car) by extension 'ignore'
[1.531s] Level 1:colcon.colcon_core.package_identification:_identify(assets/car) by extension 'ignore_ament_install'
[1.531s] Level 1:colcon.colcon_core.package_identification:_identify(assets/car) by extensions ['colcon_pkg']
[1.531s] Level 1:colcon.colcon_core.package_identification:_identify(assets/car) by extension 'colcon_pkg'
[1.531s] Level 1:colcon.colcon_core.package_identification:_identify(assets/car) by extensions ['colcon_meta']
[1.531s] Level 1:colcon.colcon_core.package_identification:_identify(assets/car) by extension 'colcon_meta'
[1.532s] Level 1:colcon.colcon_core.package_identification:_identify(assets/car) by extensions ['ros']
[1.532s] Level 1:colcon.colcon_core.package_identification:_identify(assets/car) by extension 'ros'
[1.532s] Level 1:colcon.colcon_core.package_identification:_identify(assets/car) by extensions ['cmake', 'python']
[1.532s] Level 1:colcon.colcon_core.package_identification:_identify(assets/car) by extension 'cmake'
[1.533s] Level 1:colcon.colcon_core.package_identification:_identify(assets/car) by extension 'python'
[1.533s] Level 1:colcon.colcon_core.package_identification:_identify(assets/car) by extensions ['python_setup_py']
[1.533s] Level 1:colcon.colcon_core.package_identification:_identify(assets/car) by extension 'python_setup_py'
[1.533s] Level 1:colcon.colcon_core.package_identification:_identify(assets/deer) by extensions ['ignore', 'ignore_ament_install']
[1.534s] Level 1:colcon.colcon_core.package_identification:_identify(assets/deer) by extension 'ignore'
[1.534s] Level 1:colcon.colcon_core.package_identification:_identify(assets/deer) by extension 'ignore_ament_install'
[1.534s] Level 1:colcon.colcon_core.package_identification:_identify(assets/deer) by extensions ['colcon_pkg']
[1.534s] Level 1:colcon.colcon_core.package_identification:_identify(assets/deer) by extension 'colcon_pkg'
[1.535s] Level 1:colcon.colcon_core.package_identification:_identify(assets/deer) by extensions ['colcon_meta']
[1.535s] Level 1:colcon.colcon_core.package_identification:_identify(assets/deer) by extension 'colcon_meta'
[1.535s] Level 1:colcon.colcon_core.package_identification:_identify(assets/deer) by extensions ['ros']
[1.535s] Level 1:colcon.colcon_core.package_identification:_identify(assets/deer) by extension 'ros'
[1.536s] Level 1:colcon.colcon_core.package_identification:_identify(assets/deer) by extensions ['cmake', 'python']
[1.536s] Level 1:colcon.colcon_core.package_identification:_identify(assets/deer) by extension 'cmake'
[1.536s] Level 1:colcon.colcon_core.package_identification:_identify(assets/deer) by extension 'python'
[1.536s] Level 1:colcon.colcon_core.package_identification:_identify(assets/deer) by extensions ['python_setup_py']
[1.536s] Level 1:colcon.colcon_core.package_identification:_identify(assets/deer) by extension 'python_setup_py'
[1.537s] Level 1:colcon.colcon_core.package_identification:_identify(assets/human) by extensions ['ignore', 'ignore_ament_install']
[1.537s] Level 1:colcon.colcon_core.package_identification:_identify(assets/human) by extension 'ignore'
[1.537s] Level 1:colcon.colcon_core.package_identification:_identify(assets/human) by extension 'ignore_ament_install'
[1.538s] Level 1:colcon.colcon_core.package_identification:_identify(assets/human) by extensions ['colcon_pkg']
[1.538s] Level 1:colcon.colcon_core.package_identification:_identify(assets/human) by extension 'colcon_pkg'
[1.538s] Level 1:colcon.colcon_core.package_identification:_identify(assets/human) by extensions ['colcon_meta']
[1.539s] Level 1:colcon.colcon_core.package_identification:_identify(assets/human) by extension 'colcon_meta'
[1.539s] Level 1:colcon.colcon_core.package_identification:_identify(assets/human) by extensions ['ros']
[1.539s] Level 1:colcon.colcon_core.package_identification:_identify(assets/human) by extension 'ros'
[1.539s] Level 1:colcon.colcon_core.package_identification:_identify(assets/human) by extensions ['cmake', 'python']
[1.540s] Level 1:colcon.colcon_core.package_identification:_identify(assets/human) by extension 'cmake'
[1.540s] Level 1:colcon.colcon_core.package_identification:_identify(assets/human) by extension 'python'
[1.540s] Level 1:colcon.colcon_core.package_identification:_identify(assets/human) by extensions ['python_setup_py']
[1.540s] Level 1:colcon.colcon_core.package_identification:_identify(assets/human) by extension 'python_setup_py'
[1.541s] Level 1:colcon.colcon_core.package_identification:_identify(assets/traffic-cone) by extensions ['ignore', 'ignore_ament_install']
[1.541s] Level 1:colcon.colcon_core.package_identification:_identify(assets/traffic-cone) by extension 'ignore'
[1.541s] Level 1:colcon.colcon_core.package_identification:_identify(assets/traffic-cone) by extension 'ignore_ament_install'
[1.542s] Level 1:colcon.colcon_core.package_identification:_identify(assets/traffic-cone) by extensions ['colcon_pkg']
[1.542s] Level 1:colcon.colcon_core.package_identification:_identify(assets/traffic-cone) by extension 'colcon_pkg'
[1.542s] Level 1:colcon.colcon_core.package_identification:_identify(assets/traffic-cone) by extensions ['colcon_meta']
[1.542s] Level 1:colcon.colcon_core.package_identification:_identify(assets/traffic-cone) by extension 'colcon_meta'
[1.542s] Level 1:colcon.colcon_core.package_identification:_identify(assets/traffic-cone) by extensions ['ros']
[1.543s] Level 1:colcon.colcon_core.package_identification:_identify(assets/traffic-cone) by extension 'ros'
[1.543s] Level 1:colcon.colcon_core.package_identification:_identify(assets/traffic-cone) by extensions ['cmake', 'python']
[1.543s] Level 1:colcon.colcon_core.package_identification:_identify(assets/traffic-cone) by extension 'cmake'
[1.543s] Level 1:colcon.colcon_core.package_identification:_identify(assets/traffic-cone) by extension 'python'
[1.544s] Level 1:colcon.colcon_core.package_identification:_identify(assets/traffic-cone) by extensions ['python_setup_py']
[1.544s] Level 1:colcon.colcon_core.package_identification:_identify(assets/traffic-cone) by extension 'python_setup_py'
[1.544s] Level 1:colcon.colcon_core.package_identification:_identify(assets/whl) by extensions ['ignore', 'ignore_ament_install']
[1.545s] Level 1:colcon.colcon_core.package_identification:_identify(assets/whl) by extension 'ignore'
[1.545s] Level 1:colcon.colcon_core.package_identification:_identify(assets/whl) by extension 'ignore_ament_install'
[1.545s] Level 1:colcon.colcon_core.package_identification:_identify(assets/whl) by extensions ['colcon_pkg']
[1.545s] Level 1:colcon.colcon_core.package_identification:_identify(assets/whl) by extension 'colcon_pkg'
[1.546s] Level 1:colcon.colcon_core.package_identification:_identify(assets/whl) by extensions ['colcon_meta']
[1.546s] Level 1:colcon.colcon_core.package_identification:_identify(assets/whl) by extension 'colcon_meta'
[1.547s] Level 1:colcon.colcon_core.package_identification:_identify(assets/whl) by extensions ['ros']
[1.547s] Level 1:colcon.colcon_core.package_identification:_identify(assets/whl) by extension 'ros'
[1.547s] Level 1:colcon.colcon_core.package_identification:_identify(assets/whl) by extensions ['cmake', 'python']
[1.548s] Level 1:colcon.colcon_core.package_identification:_identify(assets/whl) by extension 'cmake'
[1.548s] Level 1:colcon.colcon_core.package_identification:_identify(assets/whl) by extension 'python'
[1.548s] Level 1:colcon.colcon_core.package_identification:_identify(assets/whl) by extensions ['python_setup_py']
[1.548s] Level 1:colcon.colcon_core.package_identification:_identify(assets/whl) by extension 'python_setup_py'
[1.549s] Level 1:colcon.colcon_core.package_identification:_identify(build) by extensions ['ignore', 'ignore_ament_install']
[1.549s] Level 1:colcon.colcon_core.package_identification:_identify(build) by extension 'ignore'
[1.549s] Level 1:colcon.colcon_core.package_identification:_identify(build) ignored
[1.550s] Level 1:colcon.colcon_core.package_identification:_identify(deploy) by extensions ['ignore', 'ignore_ament_install']
[1.550s] Level 1:colcon.colcon_core.package_identification:_identify(deploy) by extension 'ignore'
[1.550s] Level 1:colcon.colcon_core.package_identification:_identify(deploy) by extension 'ignore_ament_install'
[1.551s] Level 1:colcon.colcon_core.package_identification:_identify(deploy) by extensions ['colcon_pkg']
[1.551s] Level 1:colcon.colcon_core.package_identification:_identify(deploy) by extension 'colcon_pkg'
[1.551s] Level 1:colcon.colcon_core.package_identification:_identify(deploy) by extensions ['colcon_meta']
[1.551s] Level 1:colcon.colcon_core.package_identification:_identify(deploy) by extension 'colcon_meta'
[1.552s] Level 1:colcon.colcon_core.package_identification:_identify(deploy) by extensions ['ros']
[1.552s] Level 1:colcon.colcon_core.package_identification:_identify(deploy) by extension 'ros'
[1.552s] Level 1:colcon.colcon_core.package_identification:_identify(deploy) by extensions ['cmake', 'python']
[1.552s] Level 1:colcon.colcon_core.package_identification:_identify(deploy) by extension 'cmake'
[1.553s] Level 1:colcon.colcon_core.package_identification:_identify(deploy) by extension 'python'
[1.553s] Level 1:colcon.colcon_core.package_identification:_identify(deploy) by extensions ['python_setup_py']
[1.553s] Level 1:colcon.colcon_core.package_identification:_identify(deploy) by extension 'python_setup_py'
[1.554s] Level 1:colcon.colcon_core.package_identification:_identify(docs) by extensions ['ignore', 'ignore_ament_install']
[1.554s] Level 1:colcon.colcon_core.package_identification:_identify(docs) by extension 'ignore'
[1.554s] Level 1:colcon.colcon_core.package_identification:_identify(docs) by extension 'ignore_ament_install'
[1.555s] Level 1:colcon.colcon_core.package_identification:_identify(docs) by extensions ['colcon_pkg']
[1.555s] Level 1:colcon.colcon_core.package_identification:_identify(docs) by extension 'colcon_pkg'
[1.555s] Level 1:colcon.colcon_core.package_identification:_identify(docs) by extensions ['colcon_meta']
[1.555s] Level 1:colcon.colcon_core.package_identification:_identify(docs) by extension 'colcon_meta'
[1.556s] Level 1:colcon.colcon_core.package_identification:_identify(docs) by extensions ['ros']
[1.556s] Level 1:colcon.colcon_core.package_identification:_identify(docs) by extension 'ros'
[1.556s] Level 1:colcon.colcon_core.package_identification:_identify(docs) by extensions ['cmake', 'python']
[1.556s] Level 1:colcon.colcon_core.package_identification:_identify(docs) by extension 'cmake'
[1.557s] Level 1:colcon.colcon_core.package_identification:_identify(docs) by extension 'python'
[1.557s] Level 1:colcon.colcon_core.package_identification:_identify(docs) by extensions ['python_setup_py']
[1.557s] Level 1:colcon.colcon_core.package_identification:_identify(docs) by extension 'python_setup_py'
[1.557s] Level 1:colcon.colcon_core.package_identification:_identify(install) by extensions ['ignore', 'ignore_ament_install']
[1.558s] Level 1:colcon.colcon_core.package_identification:_identify(install) by extension 'ignore'
[1.558s] Level 1:colcon.colcon_core.package_identification:_identify(install) ignored
[1.559s] Level 1:colcon.colcon_core.package_identification:_identify(log) by extensions ['ignore', 'ignore_ament_install']
[1.559s] Level 1:colcon.colcon_core.package_identification:_identify(log) by extension 'ignore'
[1.559s] Level 1:colcon.colcon_core.package_identification:_identify(log) ignored
[1.560s] Level 1:colcon.colcon_core.package_identification:_identify(server) by extensions ['ignore', 'ignore_ament_install']
[1.560s] Level 1:colcon.colcon_core.package_identification:_identify(server) by extension 'ignore'
[1.560s] Level 1:colcon.colcon_core.package_identification:_identify(server) by extension 'ignore_ament_install'
[1.560s] Level 1:colcon.colcon_core.package_identification:_identify(server) by extensions ['colcon_pkg']
[1.560s] Level 1:colcon.colcon_core.package_identification:_identify(server) by extension 'colcon_pkg'
[1.561s] Level 1:colcon.colcon_core.package_identification:_identify(server) by extensions ['colcon_meta']
[1.561s] Level 1:colcon.colcon_core.package_identification:_identify(server) by extension 'colcon_meta'
[1.561s] Level 1:colcon.colcon_core.package_identification:_identify(server) by extensions ['ros']
[1.561s] Level 1:colcon.colcon_core.package_identification:_identify(server) by extension 'ros'
[1.562s] Level 1:colcon.colcon_core.package_identification:_identify(server) by extensions ['cmake', 'python']
[1.562s] Level 1:colcon.colcon_core.package_identification:_identify(server) by extension 'cmake'
[1.562s] Level 1:colcon.colcon_core.package_identification:_identify(server) by extension 'python'
[1.562s] Level 1:colcon.colcon_core.package_identification:_identify(server) by extensions ['python_setup_py']
[1.562s] Level 1:colcon.colcon_core.package_identification:_identify(server) by extension 'python_setup_py'
[1.563s] Level 1:colcon.colcon_core.package_identification:_identify(server/__pycache__) by extensions ['ignore', 'ignore_ament_install']
[1.563s] Level 1:colcon.colcon_core.package_identification:_identify(server/__pycache__) by extension 'ignore'
[1.563s] Level 1:colcon.colcon_core.package_identification:_identify(server/__pycache__) by extension 'ignore_ament_install'
[1.564s] Level 1:colcon.colcon_core.package_identification:_identify(server/__pycache__) by extensions ['colcon_pkg']
[1.564s] Level 1:colcon.colcon_core.package_identification:_identify(server/__pycache__) by extension 'colcon_pkg'
[1.564s] Level 1:colcon.colcon_core.package_identification:_identify(server/__pycache__) by extensions ['colcon_meta']
[1.564s] Level 1:colcon.colcon_core.package_identification:_identify(server/__pycache__) by extension 'colcon_meta'
[1.565s] Level 1:colcon.colcon_core.package_identification:_identify(server/__pycache__) by extensions ['ros']
[1.565s] Level 1:colcon.colcon_core.package_identification:_identify(server/__pycache__) by extension 'ros'
[1.565s] Level 1:colcon.colcon_core.package_identification:_identify(server/__pycache__) by extensions ['cmake', 'python']
[1.565s] Level 1:colcon.colcon_core.package_identification:_identify(server/__pycache__) by extension 'cmake'
[1.565s] Level 1:colcon.colcon_core.package_identification:_identify(server/__pycache__) by extension 'python'
[1.566s] Level 1:colcon.colcon_core.package_identification:_identify(server/__pycache__) by extensions ['python_setup_py']
[1.566s] Level 1:colcon.colcon_core.package_identification:_identify(server/__pycache__) by extension 'python_setup_py'
[1.566s] Level 1:colcon.colcon_core.package_identification:_identify(server/client) by extensions ['ignore', 'ignore_ament_install']
[1.567s] Level 1:colcon.colcon_core.package_identification:_identify(server/client) by extension 'ignore'
[1.567s] Level 1:colcon.colcon_core.package_identification:_identify(server/client) by extension 'ignore_ament_install'
[1.567s] Level 1:colcon.colcon_core.package_identification:_identify(server/client) by extensions ['colcon_pkg']
[1.567s] Level 1:colcon.colcon_core.package_identification:_identify(server/client) by extension 'colcon_pkg'
[1.568s] Level 1:colcon.colcon_core.package_identification:_identify(server/client) by extensions ['colcon_meta']
[1.568s] Level 1:colcon.colcon_core.package_identification:_identify(server/client) by extension 'colcon_meta'
[1.568s] Level 1:colcon.colcon_core.package_identification:_identify(server/client) by extensions ['ros']
[1.568s] Level 1:colcon.colcon_core.package_identification:_identify(server/client) by extension 'ros'
[1.568s] Level 1:colcon.colcon_core.package_identification:_identify(server/client) by extensions ['cmake', 'python']
[1.569s] Level 1:colcon.colcon_core.package_identification:_identify(server/client) by extension 'cmake'
[1.569s] Level 1:colcon.colcon_core.package_identification:_identify(server/client) by extension 'python'
[1.569s] Level 1:colcon.colcon_core.package_identification:_identify(server/client) by extensions ['python_setup_py']
[1.569s] Level 1:colcon.colcon_core.package_identification:_identify(server/client) by extension 'python_setup_py'
[1.569s] Level 1:colcon.colcon_core.package_discovery:discover_packages(recursive) using defaults
[1.570s] Level 1:colcon.colcon_core.package_discovery:discover_packages(ignore) discover
[1.570s] Level 1:colcon.colcon_core.package_discovery:discover_packages(ignore) using defaults
[1.570s] Level 1:colcon.colcon_core.package_discovery:discover_packages(path) discover
[1.570s] Level 1:colcon.colcon_core.package_discovery:discover_packages(path) using defaults
[1.675s] INFO:colcon.colcon_core.executor:Executing jobs using 'parallel' executor
[1.701s] DEBUG:colcon.colcon_parallel_executor.executor.parallel:run_until_complete
[1.702s] DEBUG:colcon.colcon_parallel_executor.executor.parallel:closing loop
[1.702s] DEBUG:colcon.colcon_parallel_executor.executor.parallel:loop closed
[1.702s] DEBUG:colcon.colcon_parallel_executor.executor.parallel:run_until_complete finished with '0'
[1.703s] DEBUG:colcon.colcon_core.event_reactor:joining thread
[1.733s] INFO:colcon.colcon_core.plugin_system:Skipping extension 'colcon_notification.desktop_notification.notify_send': Could not find 'notify-send'
[1.733s] INFO:colcon.colcon_core.plugin_system:Skipping extension 'colcon_notification.desktop_notification.terminal_notifier': Not used on non-Darwin systems
[1.733s] INFO:colcon.colcon_core.plugin_system:Skipping extension 'colcon_notification.desktop_notification.win32': Not used on non-Windows systems
[1.733s] INFO:colcon.colcon_notification.desktop_notification:Sending desktop notification using 'notify2'
[1.744s] DEBUG:colcon.colcon_notification.desktop_notification.notify2:Failed to initialize notify2: org.freedesktop.DBus.Error.Spawn.ExecFailed: /usr/bin/dbus-launch terminated abnormally without any error message
[1.746s] DEBUG:colcon.colcon_core.event_reactor:joined thread
[1.780s] INFO:colcon.colcon_core.plugin_system:Skipping extension 'colcon_core.shell.bat': Not used on non-Windows systems
[1.781s] INFO:colcon.colcon_core.shell:Creating prefix script '/workspace/WAutoVantage/install/local_setup.ps1'
[1.787s] INFO:colcon.colcon_core.shell:Creating prefix util module '/workspace/WAutoVantage/install/_local_setup_util_ps1.py'
[1.792s] INFO:colcon.colcon_core.shell:Creating prefix chain script '/workspace/WAutoVantage/install/setup.ps1'
[1.805s] INFO:colcon.colcon_core.shell:Creating prefix script '/workspace/WAutoVantage/install/local_setup.sh'
[1.808s] INFO:colcon.colcon_core.shell:Creating prefix util module '/workspace/WAutoVantage/install/_local_setup_util_sh.py'
[1.810s] INFO:colcon.colcon_core.shell:Creating prefix chain script '/workspace/WAutoVantage/install/setup.sh'
[1.817s] INFO:colcon.colcon_core.shell:Creating prefix script '/workspace/WAutoVantage/install/local_setup.bash'
[1.819s] INFO:colcon.colcon_core.shell:Creating prefix chain script '/workspace/WAutoVantage/install/setup.bash'
[1.826s] INFO:colcon.colcon_core.shell:Creating prefix script '/workspace/WAutoVantage/install/local_setup.zsh'
[1.829s] INFO:colcon.colcon_core.shell:Creating prefix chain script '/workspace/WAutoVantage/install/setup.zsh'
